[2026-05-28 00:15:25.179] [drdaemon] [info] ===============================================================
[2026-05-28 00:15:25.180] [drdaemon] [info] Log manager initialized - DR Daemon session started
[2026-05-28 00:15:25.180] [drdaemon] [info] ===============================================================
[2026-05-28 00:15:25.180] [drdaemon] [info] DR Daemon starting...
[2026-05-28 00:15:25.180] [drdaemon] [info] Starting DR Daemon - target: drengsrv.exe, interval: 0.5s
[2026-05-28 00:15:25.180] [drdaemon] [info] Target process set to: drengsrv.exe
[2026-05-28 00:15:25.180] [drdaemon] [info] Log directory name set to: log
[2026-05-28 00:15:25.180] [drdaemon] [info] Dump directory name set to: log
[2026-05-28 00:15:25.180] [drdaemon] [warning] Cannot set monitor interval: ProcessMonitor not initialized
[2026-05-28 00:15:25.181] [drdaemon] [info] Configuring follow process: recoverit.exe
[2026-05-28 00:15:25.181] [drdaemon] [info] Process follow exit enabled - will exit when 'recoverit.exe' exits
[2026-05-28 00:15:25.181] [drdaemon] [info] Configuring report policy: 2
[2026-05-28 00:15:25.181] [drdaemon] [info] Report policy set to: 2 - Only when valid dumps generated
[2026-05-28 00:15:25.181] [drdaemon] [info] Initializing service components...
[2026-05-28 00:15:25.181] [drdaemon] [info] Initializing daemon service components...
[2026-05-28 00:15:25.181] [drdaemon] [info] ProcessMonitor initialized
[2026-05-28 00:15:25.182] [drdaemon] [info] Log directory name set to: log
[2026-05-28 00:15:25.182] [drdaemon] [info] Dump directory name set to: log
[2026-05-28 00:15:25.182] [drdaemon] [info] CrashReportPackager initialized
[2026-05-28 00:15:25.182] [drdaemon] [info] DaemonCrashReporter: Attempting to locate drreporter at: 
[2026-05-28 00:15:25.182] [drdaemon] [error] DaemonCrashReporter: drreporter.exe not found at: 
[2026-05-28 00:15:25.182] [drdaemon] [info] DaemonCrashReporter: Searching alternative locations...
[2026-05-28 00:15:25.182] [drdaemon] [error] DaemonCrashReporter: drreporter.exe not found in any location
[2026-05-28 00:15:25.182] [drdaemon] [warning] Error: Failed to initialize DR Reporter, will use fallback upload method
[2026-05-28 00:15:25.182] [drdaemon] [info] Using default upload (DR Reporter not available)
[2026-05-28 00:15:25.182] [drdaemon] [info] Setting default upload callback...
[2026-05-28 00:15:25.182] [drdaemon] [info] Default upload configured (local storage only)
[2026-05-28 00:15:25.182] [drdaemon] [info] Initializing follow process monitor for: recoverit.exe
[2026-05-28 00:15:25.182] [drdaemon] [info] Follow process monitor initialized - will exit when 'recoverit.exe' exits
[2026-05-28 00:15:25.182] [drdaemon] [info] IPC trigger event created (session-local): Local\\DRDaemon.TriggerCollect
[2026-05-28 00:15:25.182] [drdaemon] [info] Daemon service initialized successfully - monitoring: drengsrv.exe
[2026-05-28 00:15:25.182] [drdaemon] [info] Daemon service started successfully
[2026-05-28 00:15:25.182] [drdaemon] [info] Service configured - upload method: Default
[2026-05-28 00:15:25.182] [drdaemon] [warning] Using local storage only - crash reports will not be uploaded
[2026-05-28 00:15:25.182] [drdaemon] [info] Starting main service loop...
[2026-05-28 00:15:25.182] [drdaemon] [info] Starting daemon service main loop - target: drengsrv.exe, follow: recoverit.exe, upload: Default, policy: Only when valid dumps generated
[2026-05-28 00:15:25.182] [drdaemon] [info] Starting process monitor for: drengsrv.exe
[2026-05-28 00:15:25.183] [drdaemon] [info] Process monitor started successfully
[2026-05-28 00:15:25.183] [drdaemon] [info] Starting process monitor for: recoverit.exe
[2026-05-28 00:15:25.183] [drdaemon] [info] Process monitor loop started for: drengsrv.exe
[2026-05-28 00:15:25.183] [drdaemon] [info] Follow process monitor started - tracking 'recoverit.exe'
[2026-05-28 00:15:25.183] [drdaemon] [info] Process monitor loop started for: recoverit.exe
[2026-05-28 00:15:25.196] [drdaemon] [info] Process recoverit.exe started (PID: 30124)
[2026-05-28 00:15:25.196] [drdaemon] [info] Process drengsrv.exe started (PID: 26532)
